// Vitest Snapshot v1, https://vitest.dev/guide/snapshot.html

exports[`vite plugin > Installs and builds in the express vite template 1`] = `"import { registerMetronome } from "metronome-sh/server";"`;

exports[`vite plugin > Installs and builds in the express vite template 2`] = `
"const routes = registerMetronome({
  "root": {
    id: "root",
    parentId: void 0,
    path: "",
    index: void 0,
    caseSensitive: void 0,
    module: route0
  },
  "routes/_index": {
    id: "routes/_index",
    parentId: "root",
    path: void 0,
    index: true,
    caseSensitive: void 0,
    module: route1
  }
}, metronome);"
`;

exports[`vite plugin > Installs and builds in the express vite template 3`] = `"withMetronome"`;

exports[`vite plugin > Installs and builds in the express vite template 4`] = `"__metronomeQueue"`;
